INFO 2025-10-13 02:47:11,145 autoreload 12891 127168034476096 Watching for file changes with StatReloader
INFO 2025-10-13 02:47:23,732 basehttp 12891 127167941830336 "GET / HTTP/1.1" 301 0
INFO 2025-10-13 02:47:24,051 basehttp 12891 127167941830336 code 400, message Bad request version ('®bwæ\x84\x00"\x13\x01\x13\x03\x13\x02À+À/Ì©Ì¨À,À0À')
ERROR 2025-10-13 02:47:24,051 basehttp 12891 127167941830336 You're accessing the development server over HTTPS, but it only supports HTTP.
INFO 2025-10-13 02:47:24,091 basehttp 12891 127167941830336 code 400, message Bad request version ('kÒ\x00"\x13\x01\x13\x03\x13\x02À+À/Ì©Ì¨À,À0À')
ERROR 2025-10-13 02:47:24,091 basehttp 12891 127167941830336 You're accessing the development server over HTTPS, but it only supports HTTP.
INFO 2025-10-13 02:47:24,094 basehttp 12891 127167933437632 code 400, message Bad request syntax ('\x16\x03\x01\x02~\x01\x00\x02z\x03\x03áç\x8bR4ñ\x8cüÁ\x98\x81\x93õúa"X\x93¤!m')
ERROR 2025-10-13 02:47:24,095 basehttp 12891 127167933437632 You're accessing the development server over HTTPS, but it only supports HTTP.
INFO 2025-10-13 02:48:14,234 basehttp 12891 127167933437632 code 400, message Bad request version ('òC»ÏI0Iè±ws\x89`·Lï>2ÒGZÍ^¢\x12#ý_ãº\x80c\x00"\x13\x01\x13\x03\x13\x02À+À/Ì©Ì¨À,À0À')
ERROR 2025-10-13 02:48:14,235 basehttp 12891 127167933437632 You're accessing the development server over HTTPS, but it only supports HTTP.
INFO 2025-10-13 02:48:14,236 basehttp 12891 127167933437632 code 400, message Bad HTTP/0.9 request type ('\x16\x03\x01\x02~\x01\x00\x02z\x03\x036aÆ?÷ymz\x80ÒÇ\x81v0¯²\x9b\x8eí¦^<½+\x95\x9bù¥üw¼ª')
ERROR 2025-10-13 02:48:14,237 basehttp 12891 127167933437632 You're accessing the development server over HTTPS, but it only supports HTTP.
INFO 2025-10-13 02:51:00,624 basehttp 12891 127167933437632 "GET / HTTP/1.1" 301 0
INFO 2025-10-13 02:51:00,627 basehttp 12891 127167933437632 code 400, message Bad request version ('\x00\x02\x01\x00\x00\x1b\x00\x03\x02\x00\x02\x00+\x00\x07\x06\x9a\x9a\x03\x04\x03\x03\x00\x17\x00\x00\x00#\x00\x00\x00\x12\x00\x00ÿ\x01\x00\x01\x00\x00')
ERROR 2025-10-13 02:51:00,628 basehttp 12891 127167933437632 You're accessing the development server over HTTPS, but it only supports HTTP.
INFO 2025-10-13 02:51:00,629 basehttp 12891 127167933437632 code 400, message Bad request version ("'È³\x03/H")
ERROR 2025-10-13 02:51:00,629 basehttp 12891 127167933437632 You're accessing the development server over HTTPS, but it only supports HTTP.
INFO 2025-10-13 02:51:07,675 basehttp 12891 127167925044928 code 400, message Bad request version ('%ú\x8b\x84n\\Tá§\x92\x92É\x16Mv²]vn¹\x19Cè×\x14')
ERROR 2025-10-13 02:51:07,676 basehttp 12891 127167925044928 You're accessing the development server over HTTPS, but it only supports HTTP.
INFO 2025-10-13 02:51:07,678 basehttp 12891 127167916652224 code 400, message Bad HTTP/0.9 request type ('\x16\x03\x01\x06')
ERROR 2025-10-13 02:51:07,678 basehttp 12891 127167916652224 You're accessing the development server over HTTPS, but it only supports HTTP.
INFO 2025-10-13 02:51:07,689 basehttp 12891 127167916652224 code 400, message Bad request version ('H×¨7Ïg\x14\x9eQPzÂÃ"¥KTâuq\x17lmzE¤\x15\x99\x04k§Nô\x17\x81c\x91¹3Ï\x0eé\x86{ô\x00ò7\x01Ì\x81Xþ×Gød\x94~g')
INFO 2025-10-13 02:51:07,703 basehttp 12891 127167925044928 code 400, message Bad request version ('7¯m\x0fÁõÎ\x01±ï\x16À')
ERROR 2025-10-13 02:51:07,703 basehttp 12891 127167916652224 You're accessing the development server over HTTPS, but it only supports HTTP.
ERROR 2025-10-13 02:51:07,704 basehttp 12891 127167925044928 You're accessing the development server over HTTPS, but it only supports HTTP.
INFO 2025-10-13 02:51:07,710 basehttp 12891 127167925044928 code 400, message Bad request syntax ('\x16\x03\x01\x07\x00\x01\x00\x06ü\x03\x03ï£³T')
ERROR 2025-10-13 02:51:07,711 basehttp 12891 127167925044928 You're accessing the development server over HTTPS, but it only supports HTTP.
INFO 2025-10-13 02:51:07,710 basehttp 12891 127167916652224 code 400, message Bad request version ('N}Jò\x10tgâ')
ERROR 2025-10-13 02:51:07,715 basehttp 12891 127167916652224 You're accessing the development server over HTTPS, but it only supports HTTP.
INFO 2025-10-13 02:51:27,700 autoreload 13968 124108683505728 Watching for file changes with StatReloader
INFO 2025-10-13 02:51:35,418 basehttp 13968 124108515833536 code 400, message Bad request version ('\x00\x12\x00\x10\x04\x03\x08\x04\x04\x01\x05\x03\x08\x05\x05\x01\x08\x06\x06\x01\x00#\x00\x00Di\x00\x05\x00\x03\x02h2ÿ\x01\x00\x01\x00\x00')
ERROR 2025-10-13 02:51:35,421 basehttp 13968 124108515833536 You're accessing the development server over HTTPS, but it only supports HTTP.
INFO 2025-10-13 02:51:35,430 basehttp 13968 124108515833536 code 400, message Bad request version ('O¤ç1ëKW\x9f\x8eºA~\x17¥]«ÄÉ\x8f\x1b8Uª^²âè)\x90h')
ERROR 2025-10-13 02:51:35,431 basehttp 13968 124108515833536 You're accessing the development server over HTTPS, but it only supports HTTP.
INFO 2025-10-13 02:51:35,445 basehttp 13968 124108515833536 code 400, message Bad request version ('\x02h2\x08http/1.1\x00')
ERROR 2025-10-13 02:51:35,446 basehttp 13968 124108515833536 You're accessing the development server over HTTPS, but it only supports HTTP.
INFO 2025-10-13 02:51:35,449 basehttp 13968 124108507440832 code 400, message Bad request version ('\x8a\x8a\x13\x01\x13\x02\x13\x03À+À/À,À0Ì©Ì¨À\x13À\x14\x00\x9c\x00\x9d\x00/\x005\x01\x00\x06S**\x00\x00ÿ\x01\x00\x01\x00Di\x00\x05\x00\x03\x02h2\x00')
ERROR 2025-10-13 02:51:35,451 basehttp 13968 124108507440832 You're accessing the development server over HTTPS, but it only supports HTTP.
INFO 2025-10-13 02:51:35,459 basehttp 13968 124108515833536 code 400, message Bad request version ('O\x83\x02l!\x06«')
ERROR 2025-10-13 02:51:35,460 basehttp 13968 124108515833536 You're accessing the development server over HTTPS, but it only supports HTTP.
INFO 2025-10-13 02:51:35,463 basehttp 13968 124108507440832 code 400, message Bad request version ('á^¼©,!ÌÛv»mO\x92dM¬j\x13D0\x89Ð')
ERROR 2025-10-13 02:51:35,465 basehttp 13968 124108507440832 You're accessing the development server over HTTPS, but it only supports HTTP.
INFO 2025-10-13 02:53:31,690 basehttp 13968 124108507440832 code 400, message Bad request version ('²\x1a\x9d½Ö\x18°\x10÷\x7fõl6')
ERROR 2025-10-13 02:53:31,690 basehttp 13968 124108507440832 You're accessing the development server over HTTPS, but it only supports HTTP.
INFO 2025-10-13 02:53:31,695 basehttp 13968 124108515833536 code 400, message Bad request version ('tª\x8añ«Ë\x91\x00\x10\x17vÍ\x90!d×+Ç\x9eCkyTwµi\x88²T\x17÷U¸Ðf§òWo¸£_\x92\x94\x97©ÈIñ\x06')
ERROR 2025-10-13 02:53:31,696 basehttp 13968 124108515833536 You're accessing the development server over HTTPS, but it only supports HTTP.
INFO 2025-10-13 02:53:31,705 basehttp 13968 124108515833536 code 400, message Bad HTTP/0.9 request type ('\x16\x03\x01\x07\x00\x01\x00\x06ü\x03\x03ÚÐ')
ERROR 2025-10-13 02:53:31,706 basehttp 13968 124108515833536 You're accessing the development server over HTTPS, but it only supports HTTP.
INFO 2025-10-13 02:53:31,710 basehttp 13968 124108507440832 code 400, message Bad request version ('\x0eó\x9d')
ERROR 2025-10-13 02:53:31,713 basehttp 13968 124108507440832 You're accessing the development server over HTTPS, but it only supports HTTP.
INFO 2025-10-13 02:53:31,718 basehttp 13968 124108515833536 code 400, message Bad request version ('Üöt/\x19\x0f´S¸ç\x8cÃ|.Çè=\x81ø9\x83\x80¼')
ERROR 2025-10-13 02:53:31,721 basehttp 13968 124108515833536 You're accessing the development server over HTTPS, but it only supports HTTP.
INFO 2025-10-13 02:53:31,723 basehttp 13968 124108507440832 code 400, message Bad request version ('\x15$øx\x8cUb¶')
ERROR 2025-10-13 02:53:31,724 basehttp 13968 124108507440832 You're accessing the development server over HTTPS, but it only supports HTTP.
INFO 2025-10-13 02:57:57,183 basehttp 13968 124108507440832 "GET / HTTP/1.1" 301 0
INFO 2025-10-13 02:57:57,189 basehttp 13968 124108507440832 code 400, message Bad request version ('\x04\x00')
ERROR 2025-10-13 02:57:57,191 basehttp 13968 124108507440832 You're accessing the development server over HTTPS, but it only supports HTTP.
INFO 2025-10-13 02:57:57,197 basehttp 13968 124108507440832 code 400, message Bad request version ('\x1a\x1a\x13\x01\x13\x02\x13\x03À+À/À,À0Ì©Ì¨À\x13À\x14\x00\x9c\x00\x9d\x00/\x005\x01\x00\x063JJ\x00\x00\x00')
ERROR 2025-10-13 02:57:57,198 basehttp 13968 124108507440832 You're accessing the development server over HTTPS, but it only supports HTTP.
INFO 2025-10-13 02:58:49,761 autoreload 14280 134790799749184 Watching for file changes with StatReloader
INFO 2025-10-13 02:59:02,517 basehttp 14280 134790636369600 "GET / HTTP/1.1" 301 0
INFO 2025-10-13 02:59:02,726 basehttp 14280 134790636369600 code 400, message Bad request version ('{º)¦ò\x80w\x02Ö\x88\x00"\x13\x01\x13\x03\x13\x02À+À/Ì©Ì¨À,À0À')
ERROR 2025-10-13 02:59:02,726 basehttp 14280 134790636369600 You're accessing the development server over HTTPS, but it only supports HTTP.
INFO 2025-10-13 02:59:02,728 basehttp 14280 134790636369600 code 400, message Bad request version ('\x04Ü"q¾[$\x00"\x13\x01\x13\x03\x13\x02À+À/Ì©Ì¨À,À0À')
ERROR 2025-10-13 02:59:02,729 basehttp 14280 134790636369600 You're accessing the development server over HTTPS, but it only supports HTTP.
INFO 2025-10-13 03:05:32,433 basehttp 14280 134790636369600 "GET / HTTP/1.1" 301 0
INFO 2025-10-13 03:05:32,540 basehttp 14280 134790636369600 code 400, message Bad request version ('Êi·ïØå\\y«Ãy{Å\x99¦î)/Õ§ÿåz\x90}|\x13´\x9f\x15½P\x00"\x13\x01\x13\x03\x13\x02À+À/Ì©Ì¨À,À0À')
ERROR 2025-10-13 03:05:32,542 basehttp 14280 134790636369600 You're accessing the development server over HTTPS, but it only supports HTTP.
INFO 2025-10-13 03:05:32,544 basehttp 14280 134790636369600 code 400, message Bad request syntax ('\x16\x03\x01\x02~\x01\x00\x02z\x03\x03W&<º^ð\x97\x8fn£vê')
ERROR 2025-10-13 03:05:32,544 basehttp 14280 134790636369600 You're accessing the development server over HTTPS, but it only supports HTTP.
INFO 2025-10-13 03:06:28,804 autoreload 16681 124982292668480 Watching for file changes with StatReloader
INFO 2025-10-13 03:06:33,604 basehttp 16681 124982201935552 "GET / HTTP/1.1" 301 0
INFO 2025-10-13 03:06:33,621 basehttp 16681 124982201935552 code 400, message Bad request version ('Ø\x9e\x94\x97Á°\x98½å\xadÿiô\x97N§®³ÃëÒØ\x7fe\x100\x00"\x13\x01\x13\x03\x13\x02À+À/Ì©Ì¨À,À0À')
ERROR 2025-10-13 03:06:33,623 basehttp 16681 124982201935552 You're accessing the development server over HTTPS, but it only supports HTTP.
INFO 2025-10-13 03:06:33,625 basehttp 16681 124982193542848 code 400, message Bad request version ('\x00"\x13\x01\x13\x03\x13\x02À+À/Ì©Ì¨À,À0À')
ERROR 2025-10-13 03:06:33,625 basehttp 16681 124982193542848 You're accessing the development server over HTTPS, but it only supports HTTP.
INFO 2025-10-13 10:31:01,805 autoreload 3861 139046399471680 Watching for file changes with StatReloader
INFO 2025-10-13 10:32:33,598 basehttp 3861 139046307227328 "GET / HTTP/1.1" 301 0
INFO 2025-10-13 10:32:33,605 basehttp 3861 139046307227328 code 400, message Bad request version ('v\x14')
ERROR 2025-10-13 10:32:33,605 basehttp 3861 139046307227328 You're accessing the development server over HTTPS, but it only supports HTTP.
INFO 2025-10-13 10:32:33,609 basehttp 3861 139046290441920 code 400, message Bad request version ('>½ûU\x98Sº\x89ýJ\x92yO\x82o<\x95W/Õ\x816¡[3¢±')
ERROR 2025-10-13 10:32:33,609 basehttp 3861 139046290441920 You're accessing the development server over HTTPS, but it only supports HTTP.
INFO 2025-10-13 10:58:51,280 autoreload 5376 131466285973568 Watching for file changes with StatReloader
INFO 2025-10-13 10:59:13,395 basehttp 5376 131466195363520 code 400, message Bad request version ('\x00\x02\x01\x00ÿ\x01\x00\x01\x00\x003\x04ï\x04í')
ERROR 2025-10-13 10:59:13,395 basehttp 5376 131466195363520 You're accessing the development server over HTTPS, but it only supports HTTP.
INFO 2025-10-13 10:59:13,398 basehttp 5376 131466195363520 code 400, message Bad request version ('ã\x9dS¡dÒ$y\x84VRcÝzyc\x93~\x9cT£õdY\x9aÛNð\x18')
ERROR 2025-10-13 10:59:13,399 basehttp 5376 131466195363520 You're accessing the development server over HTTPS, but it only supports HTTP.
INFO 2025-10-13 10:59:13,403 basehttp 5376 131466186970816 code 400, message Bad request version (',]\x9fÝEK\x00Ð')
ERROR 2025-10-13 10:59:13,404 basehttp 5376 131466186970816 You're accessing the development server over HTTPS, but it only supports HTTP.
INFO 2025-10-13 10:59:13,407 basehttp 5376 131466195363520 code 400, message Bad HTTP/0.9 request type ('\x16\x03\x01\x07\x00\x01\x00\x06ü\x03\x03\x9eDÈ\x8c5s\x86»63NÊF\x03a@ÜÛ{ÍXI\x89+³<fá\x9aç\x03²')
ERROR 2025-10-13 10:59:13,410 basehttp 5376 131466195363520 You're accessing the development server over HTTPS, but it only supports HTTP.
INFO 2025-10-13 10:59:25,383 basehttp 5376 131466195363520 code 400, message Bad request version ('\x88\x00')
ERROR 2025-10-13 10:59:25,385 basehttp 5376 131466195363520 You're accessing the development server over HTTPS, but it only supports HTTP.
INFO 2025-10-13 10:59:25,389 basehttp 5376 131466186970816 code 400, message Bad request version ('uU;Á\x8c9¹=p\x89(Å\x11@ÈÒ\x82ÆC¿¥Ï½\x04½,Íf¼ßÌõçú\x15\x1a\x8djË÷')
ERROR 2025-10-13 10:59:25,389 basehttp 5376 131466186970816 You're accessing the development server over HTTPS, but it only supports HTTP.
INFO 2025-10-13 11:01:42,710 autoreload 5692 132327489372224 Watching for file changes with StatReloader
INFO 2025-10-13 11:02:35,100 basehttp 5692 132327397123776 "GET / HTTP/1.1" 200 12120
INFO 2025-10-13 11:15:00,855 basehttp 5692 132327397123776 code 400, message Bad request version ('@\x89¶\x94«¡')
ERROR 2025-10-13 11:15:00,856 basehttp 5692 132327397123776 You're accessing the development server over HTTPS, but it only supports HTTP.
INFO 2025-10-13 11:15:00,859 basehttp 5692 132327397123776 code 400, message Bad request version ('\x15B\x19ÿ\x01\x00\x01\x00\x00')
ERROR 2025-10-13 11:15:00,860 basehttp 5692 132327397123776 You're accessing the development server over HTTPS, but it only supports HTTP.
INFO 2025-10-13 11:16:07,330 basehttp 5692 132327380338368 code 400, message Bad request version ('Ô±\x89\x13\x97Õ\x12,g\x90\x97¤Ê¬bb-ÓX3][²yÛ\x03cHF»Fyv»\x8d\x1bH\x99\x04g\x91:c\x95\x1bñkÃ÷^\x89Ð*\x86ò\x14\x06\x81Ë\x89Ç')
ERROR 2025-10-13 11:16:07,330 basehttp 5692 132327380338368 You're accessing the development server over HTTPS, but it only supports HTTP.
INFO 2025-10-13 11:16:07,332 basehttp 5692 132327388731072 code 400, message Bad request version ('\x0fÍ\x9e\x91^')
ERROR 2025-10-13 11:16:07,332 basehttp 5692 132327388731072 You're accessing the development server over HTTPS, but it only supports HTTP.
INFO 2025-10-13 11:16:07,337 basehttp 5692 132327380338368 code 400, message Bad request version ('·_òÔä(\x14')
ERROR 2025-10-13 11:16:07,338 basehttp 5692 132327380338368 You're accessing the development server over HTTPS, but it only supports HTTP.
INFO 2025-10-13 11:16:07,340 basehttp 5692 132327388731072 code 400, message Bad request version ('\x9d\x8a\x052ÑÀìzK»u¬ú')
ERROR 2025-10-13 11:16:07,340 basehttp 5692 132327388731072 You're accessing the development server over HTTPS, but it only supports HTTP.
INFO 2025-10-13 11:16:07,342 basehttp 5692 132327380338368 code 400, message Bad request version ('úú\x13\x01\x13\x02\x13\x03À+À/À,À0Ì©Ì¨À\x13À\x14\x00\x9c\x00\x9d\x00/\x005\x01\x00\x063\x8a\x8a\x00\x00Di\x00\x05\x00\x03\x02h2\x00\x05\x00\x05\x01\x00\x00\x00\x00\x00')
ERROR 2025-10-13 11:16:07,344 basehttp 5692 132327380338368 You're accessing the development server over HTTPS, but it only supports HTTP.
INFO 2025-10-13 11:16:07,345 basehttp 5692 132327388731072 code 400, message Bad request version ('\x7fù\x9f\x95´&ê:^¸\x078Æ\x07lÿJ')
ERROR 2025-10-13 11:16:07,347 basehttp 5692 132327388731072 You're accessing the development server over HTTPS, but it only supports HTTP.
INFO 2025-10-13 11:20:06,045 basehttp 5692 132327388731072 code 400, message Bad request version ('ªª\x13\x01\x13\x02\x13\x03À+À/À,À0Ì©Ì¨À\x13À\x14\x00\x9c\x00\x9d\x00/\x005\x01\x00\x06sJJ\x00\x00\x00')
ERROR 2025-10-13 11:20:06,046 basehttp 5692 132327388731072 You're accessing the development server over HTTPS, but it only supports HTTP.
INFO 2025-10-13 11:20:06,049 basehttp 5692 132327388731072 code 400, message Bad request version ('\x02h2\x08http/1.1\x00\x1b\x00\x03\x02\x00\x02\x00')
ERROR 2025-10-13 11:20:06,049 basehttp 5692 132327388731072 You're accessing the development server over HTTPS, but it only supports HTTP.
INFO 2025-10-13 23:04:45,334 autoreload 10664 133778039816256 Watching for file changes with StatReloader
INFO 2025-10-13 23:04:54,257 basehttp 10664 133777948927680 "GET / HTTP/1.1" 200 12120
WARNING 2025-10-13 23:04:54,365 basehttp 10664 133777948927680 "GET /favicon.ico HTTP/1.1" 404 2219
INFO 2025-10-13 23:05:32,489 basehttp 10664 133777940534976 code 400, message Bad HTTP/0.9 request type ('\x16\x03\x01\x07\x00\x01\x00\x06ü\x03\x03')
ERROR 2025-10-13 23:05:32,490 basehttp 10664 133777940534976 You're accessing the development server over HTTPS, but it only supports HTTP.
INFO 2025-10-13 23:05:32,493 basehttp 10664 133777915356864 code 400, message Bad request version ('¢¤ã¹ç#2©ú\x98\x13Ç|\x15\x90')
ERROR 2025-10-13 23:05:32,499 basehttp 10664 133777915356864 You're accessing the development server over HTTPS, but it only supports HTTP.
INFO 2025-10-16 20:55:50,808 autoreload 4893 136594356404288 Watching for file changes with StatReloader
INFO 2025-10-16 20:56:09,385 basehttp 4893 136594264680128 code 400, message Bad HTTP/0.9 request type ('\x16\x03\x01\x06à\x01\x00\x06Ü\x03\x03\x19\x88\x03Ã')
ERROR 2025-10-16 20:56:09,388 basehttp 4893 136594264680128 You're accessing the development server over HTTPS, but it only supports HTTP.
INFO 2025-10-16 20:56:09,391 basehttp 4893 136594264680128 code 400, message Bad request version ('jj\x13\x01\x13\x02\x13\x03À+À/À,À0Ì©Ì¨À\x13À\x14\x00\x9c\x00\x9d\x00/\x005\x01\x00\x06\x93êê\x00\x00\x00')
ERROR 2025-10-16 20:56:09,392 basehttp 4893 136594264680128 You're accessing the development server over HTTPS, but it only supports HTTP.
INFO 2025-10-16 20:56:21,609 basehttp 4893 136594178696896 "GET / HTTP/1.1" 200 12120
WARNING 2025-10-16 20:56:21,722 basehttp 4893 136594178696896 "GET /favicon.ico HTTP/1.1" 404 2219
INFO 2025-10-16 21:47:32,113 basehttp 4893 136594178696896 "GET /admin HTTP/1.1" 301 0
INFO 2025-10-16 21:47:32,185 basehttp 4893 136594178696896 "GET /admin/ HTTP/1.1" 302 0
INFO 2025-10-16 21:47:32,224 basehttp 4893 136594178696896 "GET /admin/login/?next=/admin/ HTTP/1.1" 200 4236
INFO 2025-10-16 21:47:32,341 basehttp 4893 136594264680128 "GET /static/admin/js/theme.js HTTP/1.1" 200 1653
INFO 2025-10-16 21:47:32,341 basehttp 4893 136594187089600 "GET /static/admin/css/dark_mode.css HTTP/1.1" 200 2808
INFO 2025-10-16 21:47:32,342 basehttp 4893 136594178696896 "GET /static/admin/css/base.css HTTP/1.1" 200 22120
INFO 2025-10-16 21:47:32,349 basehttp 4893 136594178696896 "GET /static/admin/css/nav_sidebar.css HTTP/1.1" 200 2810
INFO 2025-10-16 21:47:32,351 basehttp 4893 136594187089600 "GET /static/admin/css/login.css HTTP/1.1" 200 951
INFO 2025-10-16 21:47:32,353 basehttp 4893 136594264680128 "GET /static/admin/css/responsive.css HTTP/1.1" 200 16565
INFO 2025-10-16 21:47:32,445 basehttp 4893 136594264680128 "GET /static/admin/js/nav_sidebar.js HTTP/1.1" 200 3063
ERROR 2025-10-16 21:47:42,443 log 4893 136594264680128 Internal Server Error: /admin/login/
Traceback (most recent call last):
  File "/home/juan/CustomElements/nublado/acacia/zoneto/acequia/zarascha/venv/lib/python3.11/site-packages/django/contrib/auth/backends.py", line 65, in authenticate
    user = UserModel._default_manager.get_by_natural_key(username)
           ^^^^^^^^^^^^^^^^^^^^^^^^^^^^^^^^^^^^^^^^^^^^^^^^^^^^^^^
  File "/home/juan/CustomElements/nublado/acacia/zoneto/acequia/zarascha/venv/lib/python3.11/site-packages/django/contrib/auth/base_user.py", line 37, in get_by_natural_key
    return self.get(**{self.model.USERNAME_FIELD: username})
           ^^^^^^^^^^^^^^^^^^^^^^^^^^^^^^^^^^^^^^^^^^^^^^^^^
  File "/home/juan/CustomElements/nublado/acacia/zoneto/acequia/zarascha/venv/lib/python3.11/site-packages/django/db/models/manager.py", line 87, in manager_method
    return getattr(self.get_queryset(), name)(*args, **kwargs)
           ^^^^^^^^^^^^^^^^^^^^^^^^^^^^^^^^^^^^^^^^^^^^^^^^^^^
  File "/home/juan/CustomElements/nublado/acacia/zoneto/acequia/zarascha/venv/lib/python3.11/site-packages/django/db/models/query.py", line 633, in get
    raise self.model.DoesNotExist(
django.contrib.auth.models.User.DoesNotExist: User matching query does not exist.

During handling of the above exception, another exception occurred:

Traceback (most recent call last):
  File "/home/juan/CustomElements/nublado/acacia/zoneto/acequia/zarascha/venv/lib/python3.11/site-packages/django/contrib/auth/hashers.py", line 225, in _load_library
    module = importlib.import_module(mod_path)
             ^^^^^^^^^^^^^^^^^^^^^^^^^^^^^^^^^
  File "/usr/lib/python3.11/importlib/__init__.py", line 126, in import_module
    return _bootstrap._gcd_import(name[level:], package, level)
           ^^^^^^^^^^^^^^^^^^^^^^^^^^^^^^^^^^^^^^^^^^^^^^^^^^^^
  File "<frozen importlib._bootstrap>", line 1204, in _gcd_import
  File "<frozen importlib._bootstrap>", line 1176, in _find_and_load
  File "<frozen importlib._bootstrap>", line 1140, in _find_and_load_unlocked
ModuleNotFoundError: No module named 'argon2'

During handling of the above exception, another exception occurred:

Traceback (most recent call last):
  File "/home/juan/CustomElements/nublado/acacia/zoneto/acequia/zarascha/venv/lib/python3.11/site-packages/django/core/handlers/exception.py", line 55, in inner
    response = get_response(request)
               ^^^^^^^^^^^^^^^^^^^^^
  File "/home/juan/CustomElements/nublado/acacia/zoneto/acequia/zarascha/venv/lib/python3.11/site-packages/django/core/handlers/base.py", line 197, in _get_response
    response = wrapped_callback(request, *callback_args, **callback_kwargs)
               ^^^^^^^^^^^^^^^^^^^^^^^^^^^^^^^^^^^^^^^^^^^^^^^^^^^^^^^^^^^^
  File "/home/juan/CustomElements/nublado/acacia/zoneto/acequia/zarascha/venv/lib/python3.11/site-packages/django/utils/decorators.py", line 48, in _wrapper
    return bound_method(*args, **kwargs)
           ^^^^^^^^^^^^^^^^^^^^^^^^^^^^^
  File "/home/juan/CustomElements/nublado/acacia/zoneto/acequia/zarascha/venv/lib/python3.11/site-packages/django/views/decorators/cache.py", line 80, in _view_wrapper
    response = view_func(request, *args, **kwargs)
               ^^^^^^^^^^^^^^^^^^^^^^^^^^^^^^^^^^^
  File "/home/juan/CustomElements/nublado/acacia/zoneto/acequia/zarascha/venv/lib/python3.11/site-packages/django/contrib/admin/sites.py", line 449, in login
    return LoginView.as_view(**defaults)(request)
           ^^^^^^^^^^^^^^^^^^^^^^^^^^^^^^^^^^^^^^
  File "/home/juan/CustomElements/nublado/acacia/zoneto/acequia/zarascha/venv/lib/python3.11/site-packages/django/views/generic/base.py", line 105, in view
    return self.dispatch(request, *args, **kwargs)
           ^^^^^^^^^^^^^^^^^^^^^^^^^^^^^^^^^^^^^^^
  File "/home/juan/CustomElements/nublado/acacia/zoneto/acequia/zarascha/venv/lib/python3.11/site-packages/django/utils/decorators.py", line 48, in _wrapper
    return bound_method(*args, **kwargs)
           ^^^^^^^^^^^^^^^^^^^^^^^^^^^^^
  File "/home/juan/CustomElements/nublado/acacia/zoneto/acequia/zarascha/venv/lib/python3.11/site-packages/django/utils/decorators.py", line 48, in _wrapper
    return bound_method(*args, **kwargs)
           ^^^^^^^^^^^^^^^^^^^^^^^^^^^^^
  File "/home/juan/CustomElements/nublado/acacia/zoneto/acequia/zarascha/venv/lib/python3.11/site-packages/django/views/decorators/debug.py", line 143, in sensitive_post_parameters_wrapper
    return view(request, *args, **kwargs)
           ^^^^^^^^^^^^^^^^^^^^^^^^^^^^^^
  File "/home/juan/CustomElements/nublado/acacia/zoneto/acequia/zarascha/venv/lib/python3.11/site-packages/django/utils/decorators.py", line 48, in _wrapper
    return bound_method(*args, **kwargs)
           ^^^^^^^^^^^^^^^^^^^^^^^^^^^^^
  File "/home/juan/CustomElements/nublado/acacia/zoneto/acequia/zarascha/venv/lib/python3.11/site-packages/django/utils/decorators.py", line 192, in _view_wrapper
    result = _process_exception(request, e)
             ^^^^^^^^^^^^^^^^^^^^^^^^^^^^^^
  File "/home/juan/CustomElements/nublado/acacia/zoneto/acequia/zarascha/venv/lib/python3.11/site-packages/django/utils/decorators.py", line 190, in _view_wrapper
    response = view_func(request, *args, **kwargs)
               ^^^^^^^^^^^^^^^^^^^^^^^^^^^^^^^^^^^
  File "/home/juan/CustomElements/nublado/acacia/zoneto/acequia/zarascha/venv/lib/python3.11/site-packages/django/utils/decorators.py", line 48, in _wrapper
    return bound_method(*args, **kwargs)
           ^^^^^^^^^^^^^^^^^^^^^^^^^^^^^
  File "/home/juan/CustomElements/nublado/acacia/zoneto/acequia/zarascha/venv/lib/python3.11/site-packages/django/views/decorators/cache.py", line 80, in _view_wrapper
    response = view_func(request, *args, **kwargs)
               ^^^^^^^^^^^^^^^^^^^^^^^^^^^^^^^^^^^
  File "/home/juan/CustomElements/nublado/acacia/zoneto/acequia/zarascha/venv/lib/python3.11/site-packages/django/contrib/auth/views.py", line 89, in dispatch
    return super().dispatch(request, *args, **kwargs)
           ^^^^^^^^^^^^^^^^^^^^^^^^^^^^^^^^^^^^^^^^^^
  File "/home/juan/CustomElements/nublado/acacia/zoneto/acequia/zarascha/venv/lib/python3.11/site-packages/django/views/generic/base.py", line 144, in dispatch
    return handler(request, *args, **kwargs)
           ^^^^^^^^^^^^^^^^^^^^^^^^^^^^^^^^^
  File "/home/juan/CustomElements/nublado/acacia/zoneto/acequia/zarascha/venv/lib/python3.11/site-packages/django/views/generic/edit.py", line 150, in post
    if form.is_valid():
       ^^^^^^^^^^^^^^^
  File "/home/juan/CustomElements/nublado/acacia/zoneto/acequia/zarascha/venv/lib/python3.11/site-packages/django/forms/forms.py", line 206, in is_valid
    return self.is_bound and not self.errors
                                 ^^^^^^^^^^^
  File "/home/juan/CustomElements/nublado/acacia/zoneto/acequia/zarascha/venv/lib/python3.11/site-packages/django/forms/forms.py", line 201, in errors
    self.full_clean()
  File "/home/juan/CustomElements/nublado/acacia/zoneto/acequia/zarascha/venv/lib/python3.11/site-packages/django/forms/forms.py", line 338, in full_clean
    self._clean_form()
  File "/home/juan/CustomElements/nublado/acacia/zoneto/acequia/zarascha/venv/lib/python3.11/site-packages/django/forms/forms.py", line 354, in _clean_form
    cleaned_data = self.clean()
                   ^^^^^^^^^^^^
  File "/home/juan/CustomElements/nublado/acacia/zoneto/acequia/zarascha/venv/lib/python3.11/site-packages/django/views/decorators/debug.py", line 75, in sensitive_variables_wrapper
    return func(*func_args, **func_kwargs)
           ^^^^^^^^^^^^^^^^^^^^^^^^^^^^^^^
  File "/home/juan/CustomElements/nublado/acacia/zoneto/acequia/zarascha/venv/lib/python3.11/site-packages/django/contrib/auth/forms.py", line 366, in clean
    self.user_cache = authenticate(
                      ^^^^^^^^^^^^^
  File "/home/juan/CustomElements/nublado/acacia/zoneto/acequia/zarascha/venv/lib/python3.11/site-packages/django/views/decorators/debug.py", line 75, in sensitive_variables_wrapper
    return func(*func_args, **func_kwargs)
           ^^^^^^^^^^^^^^^^^^^^^^^^^^^^^^^
  File "/home/juan/CustomElements/nublado/acacia/zoneto/acequia/zarascha/venv/lib/python3.11/site-packages/django/contrib/auth/__init__.py", line 114, in authenticate
    user = backend.authenticate(request, **credentials)
           ^^^^^^^^^^^^^^^^^^^^^^^^^^^^^^^^^^^^^^^^^^^^
  File "/home/juan/CustomElements/nublado/acacia/zoneto/acequia/zarascha/venv/lib/python3.11/site-packages/django/contrib/auth/backends.py", line 69, in authenticate
    UserModel().set_password(password)
  File "/home/juan/CustomElements/nublado/acacia/zoneto/acequia/zarascha/venv/lib/python3.11/site-packages/django/contrib/auth/base_user.py", line 97, in set_password
    self.password = make_password(raw_password)
                    ^^^^^^^^^^^^^^^^^^^^^^^^^^^
  File "/home/juan/CustomElements/nublado/acacia/zoneto/acequia/zarascha/venv/lib/python3.11/site-packages/django/contrib/auth/hashers.py", line 113, in make_password
    return hasher.encode(password, salt)
           ^^^^^^^^^^^^^^^^^^^^^^^^^^^^^
  File "/home/juan/CustomElements/nublado/acacia/zoneto/acequia/zarascha/venv/lib/python3.11/site-packages/django/contrib/auth/hashers.py", line 396, in encode
    argon2 = self._load_library()
             ^^^^^^^^^^^^^^^^^^^^
  File "/home/juan/CustomElements/nublado/acacia/zoneto/acequia/zarascha/venv/lib/python3.11/site-packages/django/contrib/auth/hashers.py", line 227, in _load_library
    raise ValueError(
ValueError: Couldn't load 'Argon2PasswordHasher' algorithm library: No module named 'argon2'
ERROR 2025-10-16 21:47:42,661 basehttp 4893 136594264680128 "POST /admin/login/?next=/admin/ HTTP/1.1" 500 239399
INFO 2025-10-16 21:53:43,418 autoreload 6847 123598684799040 Watching for file changes with StatReloader
INFO 2025-10-16 21:53:59,347 basehttp 6847 123598593320640 "POST /admin/login/?next=/admin/ HTTP/1.1" 200 4443
INFO 2025-10-16 21:54:13,432 basehttp 6847 123598593320640 "POST /admin/login/?next=/admin/ HTTP/1.1" 200 4443
INFO 2025-10-16 21:55:38,836 basehttp 6847 123598593320640 "POST /admin/login/?next=/admin/ HTTP/1.1" 200 4443
INFO 2025-10-16 21:55:56,495 basehttp 6847 123598593320640 "POST /admin/login/?next=/admin/ HTTP/1.1" 200 4443
INFO 2025-10-16 22:05:21,713 autoreload 8534 139771759325248 Watching for file changes with StatReloader
INFO 2025-10-16 22:05:39,206 basehttp 8534 139771668063936 "POST /admin/login/?next=/admin/ HTTP/1.1" 200 4443
INFO 2025-10-16 22:05:52,724 basehttp 8534 139771668063936 "POST /admin/login/?next=/admin/ HTTP/1.1" 302 0
INFO 2025-10-16 22:05:52,779 basehttp 8534 139771668063936 "GET /admin/ HTTP/1.1" 200 7365
INFO 2025-10-16 22:05:52,880 basehttp 8534 139771668063936 "GET /static/admin/css/dashboard.css HTTP/1.1" 200 441
INFO 2025-10-16 22:05:52,944 basehttp 8534 139771668063936 "GET /static/admin/img/icon-addlink.svg HTTP/1.1" 200 331
INFO 2025-10-16 22:05:52,945 basehttp 8534 139771565295296 "GET /static/admin/img/icon-changelink.svg HTTP/1.1" 200 380
INFO 2025-10-16 23:05:04,687 autoreload 10905 133444580200512 Watching for file changes with StatReloader
WARNING 2025-10-16 23:05:14,822 base 10905 133444489176768 Session data corrupted
INFO 2025-10-16 23:05:14,832 basehttp 10905 133444489176768 "GET /admin/ HTTP/1.1" 302 0
WARNING 2025-10-16 23:05:14,855 base 10905 133444489176768 Session data corrupted
INFO 2025-10-16 23:05:14,879 basehttp 10905 133444489176768 "GET /admin/login/?next=/admin/ HTTP/1.1" 200 4236
WARNING 2025-10-16 23:05:32,259 base 10905 133444489176768 Session data corrupted
INFO 2025-10-16 23:05:32,428 basehttp 10905 133444489176768 "POST /admin/login/?next=/admin/ HTTP/1.1" 302 0
INFO 2025-10-16 23:05:32,465 basehttp 10905 133444489176768 "GET /admin/ HTTP/1.1" 200 7365
INFO 2025-10-16 23:07:21,620 basehttp 10905 133444489176768 "GET /admin/auth/user/add/ HTTP/1.1" 200 13196
INFO 2025-10-16 23:07:21,676 basehttp 10905 133444489176768 "GET /static/admin/css/forms.css HTTP/1.1" 200 8525
INFO 2025-10-16 23:07:21,685 basehttp 10905 133444463998656 "GET /static/admin/js/vendor/jquery/jquery.js HTTP/1.1" 200 285314
INFO 2025-10-16 23:07:21,690 basehttp 10905 133444463998656 "GET /static/admin/css/unusable_password_field.css HTTP/1.1" 200 663
INFO 2025-10-16 23:07:21,696 basehttp 10905 133444472391360 "GET /static/admin/js/jquery.init.js HTTP/1.1" 200 347
INFO 2025-10-16 23:07:21,706 basehttp 10905 133444472391360 "GET /static/admin/js/actions.js HTTP/1.1" 200 8076
INFO 2025-10-16 23:07:21,713 basehttp 10905 133444480784064 "GET /static/admin/js/core.js HTTP/1.1" 200 6208
INFO 2025-10-16 23:07:21,716 basehttp 10905 133444480784064 "GET /static/admin/js/urlify.js HTTP/1.1" 200 7887
INFO 2025-10-16 23:07:21,721 basehttp 10905 133444446164672 "GET /static/admin/js/admin/RelatedObjectLookups.js HTTP/1.1" 200 9777
INFO 2025-10-16 23:07:21,739 basehttp 10905 133444489176768 "GET /static/admin/js/vendor/xregexp/xregexp.js HTTP/1.1" 200 325171
INFO 2025-10-16 23:07:21,746 basehttp 10905 133444463998656 "GET /static/admin/js/prepopulate_init.js HTTP/1.1" 200 586
INFO 2025-10-16 23:07:21,749 basehttp 10905 133444446164672 "GET /static/admin/js/prepopulate.js HTTP/1.1" 200 1531
INFO 2025-10-16 23:07:21,758 basehttp 10905 133444455605952 "GET /admin/jsi18n/ HTTP/1.1" 200 8212
INFO 2025-10-16 23:07:21,796 basehttp 10905 133444446164672 "GET /static/admin/css/widgets.css HTTP/1.1" 200 11973
INFO 2025-10-16 23:07:21,817 basehttp 10905 133444463998656 "GET /static/admin/js/change_form.js HTTP/1.1" 200 606
INFO 2025-10-16 23:07:21,848 basehttp 10905 133444446164672 "GET /static/admin/js/unusable_password_field.js HTTP/1.1" 200 1480
INFO 2025-10-16 23:08:59,196 basehttp 10905 133444446164672 "POST /admin/auth/user/add/ HTTP/1.1" 200 13434
INFO 2025-10-16 23:08:59,255 basehttp 10905 133444446164672 "GET /admin/jsi18n/ HTTP/1.1" 200 8212
INFO 2025-10-16 23:09:44,639 basehttp 10905 133444446164672 "POST /admin/auth/user/add/ HTTP/1.1" 302 0
INFO 2025-10-16 23:09:44,805 basehttp 10905 133444446164672 "GET /admin/auth/user/2/change/ HTTP/1.1" 200 23857
INFO 2025-10-16 23:09:44,885 basehttp 10905 133444446164672 "GET /static/admin/js/calendar.js HTTP/1.1" 200 9141
INFO 2025-10-16 23:09:44,886 basehttp 10905 133444489176768 "GET /static/admin/js/SelectBox.js HTTP/1.1" 200 4530
INFO 2025-10-16 23:09:44,887 basehttp 10905 133444455605952 "GET /static/admin/js/SelectFilter2.js HTTP/1.1" 200 15845
INFO 2025-10-16 23:09:44,890 basehttp 10905 133444463998656 "GET /static/admin/js/admin/DateTimeShortcuts.js HTTP/1.1" 200 19319
INFO 2025-10-16 23:09:44,919 basehttp 10905 133444480784064 "GET /admin/jsi18n/ HTTP/1.1" 200 8212
INFO 2025-10-16 23:09:44,995 basehttp 10905 133444446164672 "GET /static/admin/img/icon-yes.svg HTTP/1.1" 200 436
INFO 2025-10-16 23:09:45,087 basehttp 10905 133444446164672 "GET /static/admin/img/search.svg HTTP/1.1" 200 458
INFO 2025-10-16 23:09:45,090 basehttp 10905 133444480784064 "GET /static/admin/img/selector-icons.svg HTTP/1.1" 200 3291
INFO 2025-10-16 23:09:45,091 basehttp 10905 133444455605952 "GET /static/admin/img/icon-clock.svg HTTP/1.1" 200 677
INFO 2025-10-16 23:09:45,093 basehttp 10905 133444463998656 "GET /static/admin/img/icon-calendar.svg HTTP/1.1" 200 1086
INFO 2025-10-16 23:11:14,903 basehttp 10905 133444463998656 "POST /admin/auth/user/2/change/ HTTP/1.1" 302 0
INFO 2025-10-16 23:11:14,998 basehttp 10905 133444463998656 "GET /admin/auth/user/ HTTP/1.1" 200 13230
INFO 2025-10-16 23:11:15,073 basehttp 10905 133444480784064 "GET /static/admin/img/icon-no.svg HTTP/1.1" 200 560
INFO 2025-10-16 23:11:15,074 basehttp 10905 133444463998656 "GET /static/admin/css/changelists.css HTTP/1.1" 200 6878
INFO 2025-10-16 23:11:15,106 basehttp 10905 133444455605952 "GET /admin/jsi18n/ HTTP/1.1" 200 8212
INFO 2025-10-16 23:11:15,140 basehttp 10905 133444463998656 "GET /static/admin/js/filters.js HTTP/1.1" 200 978
INFO 2025-10-16 23:11:15,195 basehttp 10905 133444463998656 "GET /static/admin/img/tooltag-add.svg HTTP/1.1" 200 331
INFO 2025-10-16 23:11:15,205 basehttp 10905 133444455605952 "GET /static/admin/img/sorting-icons.svg HTTP/1.1" 200 1097
INFO 2025-10-16 23:11:15,209 basehttp 10905 133444480784064 "GET /static/admin/img/icon-viewlink.svg HTTP/1.1" 200 581
INFO 2025-10-16 23:15:52,650 autoreload 11573 133816972267584 Watching for file changes with StatReloader
INFO 2025-10-16 23:16:26,676 basehttp 11573 133816880457408 "HEAD /admin/ HTTP/1.1" 302 0
INFO 2025-10-16 23:18:11,579 basehttp 11573 133816880457408 "GET /admin/auth/user/ HTTP/1.1" 200 13032
INFO 2025-10-16 23:18:11,617 basehttp 11573 133816880457408 "GET /admin/jsi18n/ HTTP/1.1" 200 8212
INFO 2025-10-16 23:18:54,380 autoreload 11944 126925122687040 Watching for file changes with StatReloader
INFO 2025-10-16 23:19:11,986 basehttp 11944 126925030811328 "GET / HTTP/1.1" 200 12120
INFO 2025-10-16 23:19:34,585 basehttp 11944 126925030811328 "GET /admin/ HTTP/1.1" 200 8091
WARNING 2025-10-16 23:28:06,000 log 11944 126925030811328 Forbidden (CSRF cookie not set.): /admin/login/
WARNING 2025-10-16 23:28:06,001 basehttp 11944 126925030811328 "POST /admin/login/ HTTP/1.1" 403 2907
INFO 2025-10-16 23:34:08,929 basehttp 11944 126925022418624 "GET /admin/ HTTP/1.1" 200 8091
INFO 2025-10-16 23:34:08,969 basehttp 11944 126925022418624 "GET /static/admin/css/base.css HTTP/1.1" 200 22120
INFO 2025-10-16 23:34:08,980 basehttp 11944 126924798027456 "GET /static/admin/js/theme.js HTTP/1.1" 200 1653
INFO 2025-10-16 23:34:08,985 basehttp 11944 126924806420160 "GET /static/admin/css/dark_mode.css HTTP/1.1" 200 2808
INFO 2025-10-16 23:34:08,996 basehttp 11944 126924789634752 "GET /static/admin/css/nav_sidebar.css HTTP/1.1" 200 2810
INFO 2025-10-16 23:34:09,002 basehttp 11944 126924781242048 "GET /static/admin/css/dashboard.css HTTP/1.1" 200 441
INFO 2025-10-16 23:34:09,007 basehttp 11944 126924772849344 "GET /static/admin/css/responsive.css HTTP/1.1" 200 16565
INFO 2025-10-16 23:34:09,016 basehttp 11944 126925022418624 "GET /static/admin/js/nav_sidebar.js HTTP/1.1" 200 3063
INFO 2025-10-16 23:34:09,031 basehttp 11944 126924781242048 "GET /static/admin/img/icon-changelink.svg HTTP/1.1" 200 380
INFO 2025-10-16 23:34:09,034 basehttp 11944 126924772849344 "GET /static/admin/img/icon-addlink.svg HTTP/1.1" 200 331
INFO 2025-10-16 23:42:49,275 basehttp 11944 126924781242048 "GET /admin/ HTTP/1.1" 302 0
INFO 2025-10-16 23:42:49,297 basehttp 11944 126924781242048 "GET /admin/login/?next=/admin/ HTTP/1.1" 200 4236
INFO 2025-10-16 23:42:49,386 basehttp 11944 126924781242048 "GET /static/admin/css/base.css HTTP/1.1" 200 22120
INFO 2025-10-16 23:42:49,407 basehttp 11944 126924772849344 "GET /static/admin/css/dark_mode.css HTTP/1.1" 200 2808
INFO 2025-10-16 23:42:49,414 basehttp 11944 126924789634752 "GET /static/admin/css/login.css HTTP/1.1" 200 951
INFO 2025-10-16 23:42:49,415 basehttp 11944 126924798027456 "GET /static/admin/js/theme.js HTTP/1.1" 200 1653
INFO 2025-10-16 23:42:49,416 basehttp 11944 126925022418624 "GET /static/admin/css/nav_sidebar.css HTTP/1.1" 200 2810
INFO 2025-10-16 23:42:49,417 basehttp 11944 126924806420160 "GET /static/admin/css/responsive.css HTTP/1.1" 200 16565
INFO 2025-10-16 23:42:49,433 basehttp 11944 126924806420160 "GET /static/admin/js/nav_sidebar.js HTTP/1.1" 200 3063
INFO 2025-10-18 17:33:42,571 autoreload 9182 126768894443584 Watching for file changes with StatReloader
INFO 2025-10-18 17:34:02,003 basehttp 9182 126768803473088 code 400, message Bad request version ('\x8f:ðï')
ERROR 2025-10-18 17:34:02,007 basehttp 9182 126768803473088 You're accessing the development server over HTTPS, but it only supports HTTP.
INFO 2025-10-18 17:34:02,014 basehttp 9182 126768803473088 code 400, message Bad request syntax ('\x16\x03\x01\x06à\x01\x00\x06Ü\x03\x03ä\x00¯n\x03)û/2\x7f')
ERROR 2025-10-18 17:34:02,017 basehttp 9182 126768803473088 You're accessing the development server over HTTPS, but it only supports HTTP.
INFO 2025-10-18 17:34:13,057 basehttp 9182 126768803473088 "GET / HTTP/1.1" 200 12120
WARNING 2025-10-18 17:34:13,185 basehttp 9182 126768803473088 "GET /favicon.ico HTTP/1.1" 404 2219
INFO 2025-10-18 17:34:23,632 basehttp 9182 126768803473088 "GET /admin HTTP/1.1" 301 0
INFO 2025-10-18 17:34:23,679 basehttp 9182 126768803473088 "GET /admin/ HTTP/1.1" 302 0
INFO 2025-10-18 17:34:23,712 basehttp 9182 126768803473088 "GET /admin/login/?next=/admin/ HTTP/1.1" 200 4236
INFO 2025-10-18 17:34:23,872 basehttp 9182 126768560199360 "GET /static/admin/js/theme.js HTTP/1.1" 200 1653
INFO 2025-10-18 17:34:23,873 basehttp 9182 126768568592064 "GET /static/admin/css/dark_mode.css HTTP/1.1" 200 2808
INFO 2025-10-18 17:34:23,873 basehttp 9182 126768803473088 "GET /static/admin/css/base.css HTTP/1.1" 200 22120
INFO 2025-10-18 17:34:23,879 basehttp 9182 126768803473088 "GET /static/admin/css/nav_sidebar.css HTTP/1.1" 200 2810
INFO 2025-10-18 17:34:23,883 basehttp 9182 126768568592064 "GET /static/admin/css/login.css HTTP/1.1" 200 951
INFO 2025-10-18 17:34:23,884 basehttp 9182 126768560199360 "GET /static/admin/css/responsive.css HTTP/1.1" 200 16565
INFO 2025-10-18 17:34:23,926 basehttp 9182 126768803473088 "GET /static/admin/js/nav_sidebar.js HTTP/1.1" 200 3063
INFO 2025-10-18 17:35:51,869 basehttp 9182 126768803473088 "POST /admin/login/?next=/admin/ HTTP/1.1" 302 0
INFO 2025-10-18 17:35:51,912 basehttp 9182 126768803473088 "GET /admin/ HTTP/1.1" 200 8091
INFO 2025-10-18 17:35:51,975 basehttp 9182 126768803473088 "GET /static/admin/css/dashboard.css HTTP/1.1" 200 441
INFO 2025-10-18 17:35:52,026 basehttp 9182 126768560199360 "GET /static/admin/img/icon-changelink.svg HTTP/1.1" 200 380
INFO 2025-10-18 17:35:52,027 basehttp 9182 126768803473088 "GET /static/admin/img/icon-addlink.svg HTTP/1.1" 200 331
INFO 2025-10-18 20:59:27,436 autoreload 19798 129732280422464 Watching for file changes with StatReloader
INFO 2025-10-18 20:59:45,349 basehttp 19798 129732188300992 code 400, message Bad request version ('ÓR\x90LET3á\x01DpÇ7®#°\x7f\x04ÿ\x01\x00\x01\x00\x00+\x00\x07\x06ZZ\x03\x04\x03\x03Di\x00\x05\x00\x03\x02h2\x00\x12\x00\x00\x00')
ERROR 2025-10-18 20:59:45,349 basehttp 19798 129732188300992 You're accessing the development server over HTTPS, but it only supports HTTP.
INFO 2025-10-18 20:59:45,356 basehttp 19798 129732188300992 code 400, message Bad request version ('ºº\x13\x01\x13\x02\x13\x03À+À/À,À0Ì©Ì¨À\x13À\x14\x00\x9c\x00\x9d\x00/\x005\x01\x00\x063::\x00\x00\x00')
ERROR 2025-10-18 20:59:45,356 basehttp 19798 129732188300992 You're accessing the development server over HTTPS, but it only supports HTTP.
INFO 2025-10-18 20:59:56,842 basehttp 19798 129732188300992 "GET / HTTP/1.1" 200 12120
